// Jest Snapshot v1, https://goo.gl/fbAQLP

exports[`renders correctly 1`] = `
<div
  style={
    Object {
      "padding": "5em",
    }
  }
>
  <h1>
    Search for Doctors and see rankings by BC Users
  </h1>
  <div
    className="inputContainer"
  >
    <Input
      disabled={false}
      onChange={[Function]}
      prefixCls="ant-input"
      type="text"
      value=""
    />
    <Select
      choiceTransitionName="zoom"
      defaultValue="doctor"
      onChange={[Function]}
      prefixCls="ant-select"
      showSearch={false}
      style={
        Object {
          "width": 120,
        }
      }
      transitionName="slide-up"
    >
      <Option
        value="doctor"
      >
        Doctors
      </Option>
      <Option
        value="hospital"
      >
        Hospitals
      </Option>
      <Option
        value="pharmacy"
      >
        Pharmacies
      </Option>
      <Option
        value="insurance_agency"
      >
        Insurance Agencies
      </Option>
    </Select>
    <Button
      ghost={false}
      loading={false}
      onClick={[Function]}
      prefixCls="ant-btn"
    >
      Get Results
    </Button>
  </div>
  <SearchList
    results={Array []}
  />
</div>
`;
